Java HotSpot(TM) 64-Bit Server VM (25.231-b11) for bsd-amd64 JRE (1.8.0_231-b11), built on Oct  5 2019 03:15:25 by "java_re" with gcc 4.2.1 (Based on Apple Inc. build 5658) (LLVM build 2336.11.00)
Memory: 4k page, physical 8388608k(41744k free)

/proc/meminfo:

CommandLine flags: -XX:InitialHeapSize=536870912 -XX:MaxHeapSize=536870912 -XX:MaxNewSize=178958336 -XX:MaxTenuringThreshold=6 -XX:NewSize=178958336 -XX:OldPLABSize=16 -XX:OldSize=357912576 -XX:+PrintGC -XX:+PrintGCDateStamps -XX:+PrintGCDetails -XX:+PrintGCTimeStamps -XX:+UseCompressedClassPointers -XX:+UseCompressedOops -XX:+UseConcMarkSweepGC -XX:+UseParNewGC 
2020-10-28T20:56:42.415-0800: 0.440: [GC (Allocation Failure) 2020-10-28T20:56:42.415-0800: 0.440: [ParNew: 139776K->17472K(157248K), 0.0498670 secs] 139776K->53305K(506816K), 0.0499988 secs] [Times: user=0.03 sys=0.03, real=0.05 secs] 
2020-10-28T20:56:42.501-0800: 0.526: [GC (Allocation Failure) 2020-10-28T20:56:42.501-0800: 0.526: [ParNew: 157248K->17472K(157248K), 0.0720379 secs] 193081K->96493K(506816K), 0.0721778 secs] [Times: user=0.04 sys=0.05, real=0.07 secs] 
2020-10-28T20:56:42.604-0800: 0.629: [GC (Allocation Failure) 2020-10-28T20:56:42.605-0800: 0.629: [ParNew: 157248K->17472K(157248K), 0.0400992 secs] 236269K->140357K(506816K), 0.0405457 secs] [Times: user=0.08 sys=0.02, real=0.04 secs] 
2020-10-28T20:56:42.671-0800: 0.696: [GC (Allocation Failure) 2020-10-28T20:56:42.671-0800: 0.696: [ParNew: 157213K->17472K(157248K), 0.0423599 secs] 280099K->182847K(506816K), 0.0424753 secs] [Times: user=0.08 sys=0.02, real=0.04 secs] 
2020-10-28T20:56:42.738-0800: 0.762: [GC (Allocation Failure) 2020-10-28T20:56:42.738-0800: 0.762: [ParNew: 157248K->17470K(157248K), 0.0365147 secs] 322623K->225822K(506816K), 0.0366130 secs] [Times: user=0.07 sys=0.02, real=0.04 secs] 
2020-10-28T20:56:42.774-0800: 0.799: [GC (CMS Initial Mark) [1 CMS-initial-mark: 208352K(349568K)] 229371K(506816K), 0.0006163 secs] [Times: user=0.00 sys=0.00, real=0.00 secs] 
2020-10-28T20:56:42.775-0800: 0.800: [CMS-concurrent-mark-start]
2020-10-28T20:56:42.783-0800: 0.808: [CMS-concurrent-mark: 0.008/0.008 secs] [Times: user=0.01 sys=0.01, real=0.01 secs] 
2020-10-28T20:56:42.783-0800: 0.808: [CMS-concurrent-preclean-start]
2020-10-28T20:56:42.784-0800: 0.808: [CMS-concurrent-preclean: 0.001/0.001 secs] [Times: user=0.00 sys=0.00, real=0.00 secs] 
2020-10-28T20:56:42.784-0800: 0.809: [CMS-concurrent-abortable-preclean-start]
2020-10-28T20:56:42.803-0800: 0.828: [GC (Allocation Failure) 2020-10-28T20:56:42.803-0800: 0.828: [ParNew: 157246K->17470K(157248K), 0.0497799 secs] 365598K->279211K(506816K), 0.0499436 secs] [Times: user=0.10 sys=0.02, real=0.05 secs] 
2020-10-28T20:56:42.878-0800: 0.902: [GC (Allocation Failure) 2020-10-28T20:56:42.878-0800: 0.902: [ParNew: 157246K->17471K(157248K), 0.0410912 secs] 418987K->323074K(506816K), 0.0412061 secs] [Times: user=0.08 sys=0.02, real=0.04 secs] 
2020-10-28T20:56:42.947-0800: 0.972: [GC (Allocation Failure) 2020-10-28T20:56:42.947-0800: 0.972: [ParNew: 157247K->157247K(157248K), 0.0000363 secs]2020-10-28T20:56:42.947-0800: 0.972: [CMS2020-10-28T20:56:42.947-0800: 0.972: [CMS-concurrent-abortable-preclean: 0.004/0.163 secs] [Times: user=0.26 sys=0.04, real=0.16 secs] 
 (concurrent mode failure): 305603K->240468K(349568K), 0.0642529 secs] 462850K->240468K(506816K), [Metaspace: 2719K->2719K(1056768K)], 0.0644195 secs] [Times: user=0.06 sys=0.01, real=0.07 secs] 
2020-10-28T20:56:43.032-0800: 1.057: [GC (Allocation Failure) 2020-10-28T20:56:43.032-0800: 1.057: [ParNew: 139551K->17469K(157248K), 0.0090752 secs] 380019K->292509K(506816K), 0.0091716 secs] [Times: user=0.03 sys=0.00, real=0.01 secs] 
2020-10-28T20:56:43.041-0800: 1.066: [GC (CMS Initial Mark) [1 CMS-initial-mark: 275039K(349568K)] 292807K(506816K), 0.0001290 secs] [Times: user=0.00 sys=0.00, real=0.00 secs] 
2020-10-28T20:56:43.041-0800: 1.066: [CMS-concurrent-mark-start]
2020-10-28T20:56:43.044-0800: 1.069: [CMS-concurrent-mark: 0.003/0.003 secs] [Times: user=0.01 sys=0.00, real=0.00 secs] 
2020-10-28T20:56:43.044-0800: 1.069: [CMS-concurrent-preclean-start]
2020-10-28T20:56:43.045-0800: 1.070: [CMS-concurrent-preclean: 0.001/0.001 secs] [Times: user=0.00 sys=0.00, real=0.00 secs] 
2020-10-28T20:56:43.045-0800: 1.070: [CMS-concurrent-abortable-preclean-start]
2020-10-28T20:56:43.063-0800: 1.088: [GC (Allocation Failure) 2020-10-28T20:56:43.063-0800: 1.088: [ParNew: 157245K->17471K(157248K), 0.0163259 secs] 432285K->333862K(506816K), 0.0164207 secs] [Times: user=0.05 sys=0.00, real=0.02 secs] 
2020-10-28T20:56:43.102-0800: 1.127: [GC (Allocation Failure) 2020-10-28T20:56:43.102-0800: 1.127: [ParNew: 157247K->157247K(157248K), 0.0000192 secs]2020-10-28T20:56:43.102-0800: 1.127: [CMS2020-10-28T20:56:43.102-0800: 1.127: [CMS-concurrent-abortable-preclean: 0.002/0.057 secs] [Times: user=0.09 sys=0.00, real=0.06 secs] 
 (concurrent mode failure): 316390K->292431K(349568K), 0.0479584 secs] 473638K->292431K(506816K), [Metaspace: 2720K->2720K(1056768K)], 0.0480864 secs] [Times: user=0.05 sys=0.00, real=0.05 secs] 
2020-10-28T20:56:43.171-0800: 1.195: [GC (Allocation Failure) 2020-10-28T20:56:43.171-0800: 1.195: [ParNew: 139776K->17470K(157248K), 0.0123595 secs] 432207K->340103K(506816K), 0.0124439 secs] [Times: user=0.04 sys=0.01, real=0.01 secs] 
2020-10-28T20:56:43.183-0800: 1.208: [GC (CMS Initial Mark) [1 CMS-initial-mark: 322632K(349568K)] 340794K(506816K), 0.0001687 secs] [Times: user=0.00 sys=0.00, real=0.00 secs] 
2020-10-28T20:56:43.183-0800: 1.208: [CMS-concurrent-mark-start]
2020-10-28T20:56:43.186-0800: 1.211: [CMS-concurrent-mark: 0.003/0.003 secs] [Times: user=0.00 sys=0.00, real=0.00 secs] 
2020-10-28T20:56:43.186-0800: 1.211: [CMS-concurrent-preclean-start]
2020-10-28T20:56:43.187-0800: 1.211: [CMS-concurrent-preclean: 0.001/0.001 secs] [Times: user=0.00 sys=0.00, real=0.00 secs] 
2020-10-28T20:56:43.187-0800: 1.211: [CMS-concurrent-abortable-preclean-start]
2020-10-28T20:56:43.187-0800: 1.211: [CMS-concurrent-abortable-preclean: 0.000/0.000 secs] [Times: user=0.00 sys=0.00, real=0.00 secs] 
2020-10-28T20:56:43.187-0800: 1.211: [GC (CMS Final Remark) [YG occupancy: 32849 K (157248 K)]2020-10-28T20:56:43.187-0800: 1.212: [Rescan (parallel) , 0.0005920 secs]2020-10-28T20:56:43.188-0800: 1.212: [weak refs processing, 0.0000128 secs]2020-10-28T20:56:43.188-0800: 1.212: [class unloading, 0.0002062 secs]2020-10-28T20:56:43.188-0800: 1.212: [scrub symbol table, 0.0004591 secs]2020-10-28T20:56:43.188-0800: 1.213: [scrub string table, 0.0002688 secs][1 CMS-remark: 322632K(349568K)] 355482K(506816K), 0.0016603 secs] [Times: user=0.00 sys=0.00, real=0.00 secs] 
2020-10-28T20:56:43.189-0800: 1.213: [CMS-concurrent-sweep-start]
2020-10-28T20:56:43.189-0800: 1.214: [CMS-concurrent-sweep: 0.001/0.001 secs] [Times: user=0.01 sys=0.00, real=0.00 secs] 
2020-10-28T20:56:43.190-0800: 1.214: [CMS-concurrent-reset-start]
2020-10-28T20:56:43.190-0800: 1.215: [CMS-concurrent-reset: 0.001/0.001 secs] [Times: user=0.00 sys=0.00, real=0.00 secs] 
2020-10-28T20:56:43.211-0800: 1.236: [GC (Allocation Failure) 2020-10-28T20:56:43.211-0800: 1.236: [ParNew: 157246K->17470K(157248K), 0.0156414 secs] 441099K->344252K(506816K), 0.0158261 secs] [Times: user=0.03 sys=0.00, real=0.01 secs] 
2020-10-28T20:56:43.227-0800: 1.252: [GC (CMS Initial Mark) [1 CMS-initial-mark: 326782K(349568K)] 344597K(506816K), 0.0001753 secs] [Times: user=0.00 sys=0.00, real=0.00 secs] 
2020-10-28T20:56:43.227-0800: 1.252: [CMS-concurrent-mark-start]
2020-10-28T20:56:43.232-0800: 1.256: [CMS-concurrent-mark: 0.004/0.004 secs] [Times: user=0.00 sys=0.00, real=0.01 secs] 
2020-10-28T20:56:43.232-0800: 1.256: [CMS-concurrent-preclean-start]
2020-10-28T20:56:43.233-0800: 1.257: [CMS-concurrent-preclean: 0.001/0.001 secs] [Times: user=0.01 sys=0.00, real=0.00 secs] 
2020-10-28T20:56:43.233-0800: 1.257: [CMS-concurrent-abortable-preclean-start]
2020-10-28T20:56:43.233-0800: 1.257: [CMS-concurrent-abortable-preclean: 0.000/0.000 secs] [Times: user=0.00 sys=0.00, real=0.00 secs] 
2020-10-28T20:56:43.233-0800: 1.257: [GC (CMS Final Remark) [YG occupancy: 42570 K (157248 K)]2020-10-28T20:56:43.233-0800: 1.257: [Rescan (parallel) , 0.0004490 secs]2020-10-28T20:56:43.233-0800: 1.258: [weak refs processing, 0.0000142 secs]2020-10-28T20:56:43.233-0800: 1.258: [class unloading, 0.0002064 secs]2020-10-28T20:56:43.233-0800: 1.258: [scrub symbol table, 0.0004182 secs]2020-10-28T20:56:43.234-0800: 1.259: [scrub string table, 0.0001712 secs][1 CMS-remark: 326782K(349568K)] 369352K(506816K), 0.0013444 secs] [Times: user=0.00 sys=0.00, real=0.00 secs] 
2020-10-28T20:56:43.234-0800: 1.259: [CMS-concurrent-sweep-start]
2020-10-28T20:56:43.235-0800: 1.260: [CMS-concurrent-sweep: 0.001/0.001 secs] [Times: user=0.00 sys=0.00, real=0.00 secs] 
2020-10-28T20:56:43.235-0800: 1.260: [CMS-concurrent-reset-start]
2020-10-28T20:56:43.236-0800: 1.260: [CMS-concurrent-reset: 0.000/0.000 secs] [Times: user=0.00 sys=0.00, real=0.00 secs] 
2020-10-28T20:56:43.255-0800: 1.279: [GC (Allocation Failure) 2020-10-28T20:56:43.255-0800: 1.279: [ParNew: 157246K->17465K(157248K), 0.0137893 secs] 441016K->345948K(506816K), 0.0138889 secs] [Times: user=0.03 sys=0.00, real=0.01 secs] 
2020-10-28T20:56:43.269-0800: 1.294: [GC (CMS Initial Mark) [1 CMS-initial-mark: 328482K(349568K)] 351683K(506816K), 0.0001781 secs] [Times: user=0.00 sys=0.01, real=0.01 secs] 
2020-10-28T20:56:43.270-0800: 1.294: [CMS-concurrent-mark-start]
2020-10-28T20:56:43.273-0800: 1.297: [CMS-concurrent-mark: 0.003/0.003 secs] [Times: user=0.01 sys=0.00, real=0.00 secs] 
2020-10-28T20:56:43.273-0800: 1.297: [CMS-concurrent-preclean-start]
Heap
 par new generation   total 157248K, used 43123K [0x00000007a0000000, 0x00000007aaaa0000, 0x00000007aaaa0000)
  eden space 139776K,  18% used [0x00000007a0000000, 0x00000007a190e5c8, 0x00000007a8880000)
  from space 17472K,  99% used [0x00000007a8880000, 0x00000007a998e7a8, 0x00000007a9990000)
  to   space 17472K,   0% used [0x00000007a9990000, 0x00000007a9990000, 0x00000007aaaa0000)
 concurrent mark-sweep generation total 349568K, used 328482K [0x00000007aaaa0000, 0x00000007c0000000, 0x00000007c0000000)
 Metaspace       used 2726K, capacity 4486K, committed 4864K, reserved 1056768K
  class space    used 296K, capacity 386K, committed 512K, reserved 1048576K
2020-10-28T20:56:43.274-0800: 1.299: [CMS-concurrent-preclean: 0.001/0.001 secs] [Times: user=0.00 sys=0.00, real=0.00 secs] 
