Java HotSpot(TM) 64-Bit Server VM (25.231-b11) for bsd-amd64 JRE (1.8.0_231-b11), built on Oct  5 2019 03:15:25 by "java_re" with gcc 4.2.1 (Based on Apple Inc. build 5658) (LLVM build 2336.11.00)
Memory: 4k page, physical 8388608k(224896k free)

/proc/meminfo:

CommandLine flags: -XX:InitialHeapSize=536870912 -XX:MaxHeapSize=536870912 -XX:+PrintGC -XX:+PrintGCDateStamps -XX:+PrintGCDetails -XX:+PrintGCTimeStamps -XX:+UseCompressedClassPointers -XX:+UseCompressedOops -XX:+UseSerialGC 
2020-10-28T20:36:17.836-0800: 0.379: [GC (Allocation Failure) 2020-10-28T20:36:17.836-0800: 0.379: [DefNew: 139776K->17472K(157248K), 0.0344908 secs] 139776K->47083K(506816K), 0.0346693 secs] [Times: user=0.02 sys=0.01, real=0.04 secs] 
2020-10-28T20:36:17.899-0800: 0.442: [GC (Allocation Failure) 2020-10-28T20:36:17.899-0800: 0.443: [DefNew: 157074K->17469K(157248K), 0.0604262 secs] 186685K->94319K(506816K), 0.0605623 secs] [Times: user=0.03 sys=0.03, real=0.06 secs] 
2020-10-28T20:36:17.991-0800: 0.535: [GC (Allocation Failure) 2020-10-28T20:36:17.992-0800: 0.535: [DefNew: 157245K->17471K(157248K), 0.0484333 secs] 234095K->143677K(506816K), 0.0485725 secs] [Times: user=0.02 sys=0.02, real=0.05 secs] 
2020-10-28T20:36:18.069-0800: 0.613: [GC (Allocation Failure) 2020-10-28T20:36:18.069-0800: 0.613: [DefNew: 157247K->17470K(157248K), 0.0453768 secs] 283453K->186972K(506816K), 0.0455164 secs] [Times: user=0.02 sys=0.02, real=0.05 secs] 
2020-10-28T20:36:18.148-0800: 0.691: [GC (Allocation Failure) 2020-10-28T20:36:18.148-0800: 0.692: [DefNew: 157173K->17469K(157248K), 0.0694181 secs] 326675K->231151K(506816K), 0.0695184 secs] [Times: user=0.02 sys=0.02, real=0.07 secs] 
2020-10-28T20:36:18.244-0800: 0.788: [GC (Allocation Failure) 2020-10-28T20:36:18.244-0800: 0.788: [DefNew: 157245K->17471K(157248K), 0.0355263 secs] 370927K->270320K(506816K), 0.0358811 secs] [Times: user=0.01 sys=0.01, real=0.04 secs] 
2020-10-28T20:36:18.304-0800: 0.848: [GC (Allocation Failure) 2020-10-28T20:36:18.304-0800: 0.848: [DefNew: 157247K->17471K(157248K), 0.0377639 secs] 410096K->310629K(506816K), 0.0378923 secs] [Times: user=0.02 sys=0.02, real=0.04 secs] 
2020-10-28T20:36:18.366-0800: 0.910: [GC (Allocation Failure) 2020-10-28T20:36:18.366-0800: 0.910: [DefNew: 157214K->17471K(157248K), 0.0446914 secs] 450372K->358250K(506816K), 0.0449151 secs] [Times: user=0.02 sys=0.02, real=0.05 secs] 
2020-10-28T20:36:18.435-0800: 0.979: [GC (Allocation Failure) 2020-10-28T20:36:18.435-0800: 0.979: [DefNew: 157247K->157247K(157248K), 0.0000207 secs]2020-10-28T20:36:18.435-0800: 0.979: [Tenured: 340778K->275836K(349568K), 0.0699508 secs] 498026K->275836K(506816K), [Metaspace: 2719K->2719K(1056768K)], 0.0701386 secs] [Times: user=0.06 sys=0.00, real=0.07 secs] 
2020-10-28T20:36:18.529-0800: 1.072: [GC (Allocation Failure) 2020-10-28T20:36:18.529-0800: 1.072: [DefNew: 139776K->17467K(157248K), 0.0099937 secs] 415612K->324819K(506816K), 0.0101041 secs] [Times: user=0.01 sys=0.00, real=0.01 secs] 
2020-10-28T20:36:18.564-0800: 1.108: [GC (Allocation Failure) 2020-10-28T20:36:18.564-0800: 1.108: [DefNew: 157243K->157243K(157248K), 0.0000210 secs]2020-10-28T20:36:18.564-0800: 1.108: [Tenured: 307352K->303499K(349568K), 0.0535071 secs] 464595K->303499K(506816K), [Metaspace: 2719K->2719K(1056768K)], 0.0536620 secs] [Times: user=0.05 sys=0.00, real=0.05 secs] 
2020-10-28T20:36:18.642-0800: 1.185: [GC (Allocation Failure) 2020-10-28T20:36:18.642-0800: 1.185: [DefNew: 139776K->17471K(157248K), 0.0073531 secs] 443275K->342565K(506816K), 0.0074540 secs] [Times: user=0.01 sys=0.00, real=0.00 secs] 
2020-10-28T20:36:18.674-0800: 1.218: [GC (Allocation Failure) 2020-10-28T20:36:18.674-0800: 1.218: [DefNew: 157188K->157188K(157248K), 0.0000233 secs]2020-10-28T20:36:18.674-0800: 1.218: [Tenured: 325093K->314569K(349568K), 0.0547617 secs] 482281K->314569K(506816K), [Metaspace: 2720K->2720K(1056768K)], 0.0549440 secs] [Times: user=0.05 sys=0.00, real=0.05 secs] 
Heap
 def new generation   total 157248K, used 5773K [0x00000007a0000000, 0x00000007aaaa0000, 0x00000007aaaa0000)
  eden space 139776K,   4% used [0x00000007a0000000, 0x00000007a05a36a0, 0x00000007a8880000)
  from space 17472K,   0% used [0x00000007a8880000, 0x00000007a8880000, 0x00000007a9990000)
  to   space 17472K,   0% used [0x00000007a9990000, 0x00000007a9990000, 0x00000007aaaa0000)
 tenured generation   total 349568K, used 314569K [0x00000007aaaa0000, 0x00000007c0000000, 0x00000007c0000000)
   the space 349568K,  89% used [0x00000007aaaa0000, 0x00000007bddd25b8, 0x00000007bddd2600, 0x00000007c0000000)
 Metaspace       used 2726K, capacity 4486K, committed 4864K, reserved 1056768K
  class space    used 296K, capacity 386K, committed 512K, reserved 1048576K
